// Jest Snapshot v1, https://goo.gl/fbAQLP

exports[`ArticleCard should render ArticleCard page component 1`] = `
<Styled(styled.div)
  as="article"
  bg="white"
  borderColor="cultured"
  borderStyle="solid"
  borderWidth="1px"
  idnumber={NaN}
  m="0.5rem auto"
  onClick={[Function]}
  p={
    Array [
      "1.5rem 1.5rem",
      "2rem 3rem",
    ]
  }
  width={
    Array [
      "100%",
      "100%",
      "700px",
    ]
  }
>
  <styled.h2 />
  <span />
  <br />
  <styled.small>
    Posted Invalid Date by 484639
  </styled.small>
</Styled(styled.div)>
`;
