// Jest Snapshot v1, https://goo.gl/fbAQLP

exports[`Moon should render Moon component 1`] = `
<svg
  fill="none"
  height={22}
  width={22}
  xmlns="http://www.w3.org/2000/svg"
>
  <path
    d="M21 11.9A10.022 10.022 0 1110.1 1 7.794 7.794 0 0021 11.9v0z"
    stroke="#000"
    strokeLinecap="round"
    strokeLinejoin="round"
    strokeWidth={2}
  />
</svg>
`;
